// Jest Snapshot v1, https://goo.gl/fbAQLP

exports[`App Contains the compiled JavaScript 1`] = `"(()=>{\\"use strict\\";var e={176:(e,t,n)=>{n.d(t,{A:()=>l});class l{constructor(e,t){this.p1=e,this.p2=t,this.board=[[null,null,null],[null,null,null],[null,null,null]],this.player=Math.random()<.5?this.p1:this.p2,this.sym=\\"X\\"}turn(e,t){t=t||e,this.board[e][t]=this.sym}nextPlayer(){this.player=this.player===this.p1?this.p2:this.p1,this.sym=\\"X\\"===this.sym?\\"O\\":\\"X\\"}hasWinner(){return this.rowWin()||this.colWin()||this.diagWin()}rowWin(){let e=!1;for(let t=0;t<3;t++){const n=this.board[t];null!==n[0]&&(e=e||n[0]===n[1]&&n[0]===n[2])}return e}colWin(){let e=!1;for(let t=0;t<3;t++){const n=this.board;null!==n[0][t]&&(e=e||n[0][t]===n[1][t]&&n[0][t]===n[2][t])}return e}diagWin(){const e=this.board;return null!==e[0][0]&&e[0][0]===e[1][1]&&e[0][0]===e[2][2]||null!==e[0][2]&&e[0][2]===e[1][1]&&e[0][2]===e[2][0]}}},44:(e,t,n)=>{var l=n(176);let r,i;for(;!r;)r=window.prompt(\\"Who is player 1?\\");for(;!i&&r!==i;)i=window.prompt(r===i?\`Please enter a different name than \${r}.\`:\\"Who is player 2?\\");window.onload=()=>{document.getElementById(\\"p1Name\\").innerText=r,document.getElementById(\\"p2Name\\").innerText=i;let e=0,t=0;!function n(r,i){document.getElementById(\\"win\\").style.display=\\"none\\",document.getElementById(\\"turn\\").style.display=\\"inline\\",document.getElementById(\\"p1Score\\").innerText=e,document.getElementById(\\"p2Score\\").innerText=t;const o=new l.A(r,i),s=document.getElementById(\\"player\\");s.innerText=o.player,document.querySelectorAll(\\"#tictactoe td\\").forEach((l=>{l.innerText=\\"\\",l.onclick=d=>{l.onclick=void 0,d.target.innerText=o.sym,d.target.onclick=void 0;const[a,c]=d.target.classList;o.turn(a,c),o.hasWinner()?(document.getElementById(\\"winner\\").innerText=o.player,document.getElementById(\\"win\\").style.display=\\"inline\\",document.getElementById(\\"turn\\").style.display=\\"none\\",o.player===r?document.getElementById(\\"p1Score\\").innerText=++e:document.getElementById(\\"p2Score\\").innerText=++t,document.getElementById(\\"newGame\\").style.display=\\"inline\\",document.getElementById(\\"newGame\\").onclick=()=>n(r,i),document.querySelectorAll(\\"td\\").forEach((e=>{e.onclick=void 0}))):(o.nextPlayer(),s.innerText=o.player)}}))}(r,i)}}},t={};function n(l){var r=t[l];if(void 0!==r)return r.exports;var i=t[l]={exports:{}};return e[l](i,i.exports,n),i.exports}n.d=(e,t)=>{for(var l in t)n.o(t,l)&&!n.o(e,l)&&Object.defineProperty(e,l,{enumerable:!0,get:t[l]})},n.o=(e,t)=>Object.prototype.hasOwnProperty.call(e,t),n(44),n(176)})();"`;
